// Jest Snapshot v1, https://jestjs.io/docs/snapshot-testing

exports[`查詢計畫 golden test 僅需字元轉換：葬送的芙莉蓮 1`] = `
[
  "葬送的芙莉莲",
]
`;

exports[`查詢計畫 golden test 全形冒號副標題：刀劍神域：序列爭戰 1`] = `
[
  "刀剑神域：序列争战",
  "刀剑神域",
  "序列争战",
  "刀剑神域 序列争战",
  "刀剑神域序列争战",
  "刀剑神域:序列争战",
]
`;

exports[`查詢計畫 golden test 別名表命中：進擊的巨人 1`] = `
[
  "进击的巨人",
  "巨人",
]
`;

exports[`查詢計畫 golden test 別名表＋季數：鬼滅之刃 第二季 1`] = `
[
  "鬼灭之刃 第二季",
  "鬼灭之刃第二季",
]
`;

exports[`查詢計畫 golden test 副標題拆分：咒術迴戰 懷玉玉折 1`] = `
[
  "咒术回战 怀玉玉折",
  "咒术回战怀玉玉折",
  "咒术回战",
  "咒术",
]
`;

exports[`查詢計畫 golden test 台灣詞彙對照優先於逐字轉換：鋼之鍊金術師 1`] = `
[
  "钢之炼金术师",
  "钢之链金术师",
]
`;

exports[`查詢計畫 golden test 台譯與陸名完全不同（海賊王／航海王）：海賊王 1`] = `
[
  "海贼王",
  "航海王",
]
`;

exports[`查詢計畫 golden test 台譯與陸名完全不同：間諜家家酒 1`] = `
[
  "间谍过家家",
  "间谍家家酒",
]
`;

exports[`查詢計畫 golden test 季數用阿拉伯數字：某劇 第2季 1`] = `
[
  "某剧 第2季",
  "某剧第2季",
  "某剧 第二季",
]
`;

exports[`查詢計畫 golden test 季數＋別名表：間諜家家酒 第二季 1`] = `
[
  "间谍过家家 第二季",
  "间谍家家酒 第二季",
  "间谍家家酒第二季",
]
`;

exports[`查詢計畫 golden test 日文假名（不送陸源）：進撃の巨人 1`] = `[]`;

exports[`查詢計畫 golden test 純英文（不送陸源）：Breaking Bad 1`] = `[]`;

exports[`查詢計畫 golden test 長片名＋季數：石紀元 科學與未來 第三季 1`] = `
[
  "石纪元 科学与未来 第三季",
  "石纪元科学与未来第三季",
  "石纪元第三季",
]
`;
